// Vitest Snapshot v1

exports[`charcuterie-board.ts > should add items to the charcuterie board 1`] = `
[
  {
    "calories": 100,
    "name": "olives",
    "type": "fruit",
  },
  {
    "calories": 200,
    "name": "salami",
    "type": "meat",
  },
]
`;

exports[`charcuterie-board.ts > should handle adding undefined items 1`] = `[]`;
